============================= test session starts =============================
platform win32 -- Python 3.12.5, pytest-9.0.2, pluggy-1.6.0 -- C:\Users\Acme\AppData\Local\Programs\Python\Python312\python.exe
cachedir: .pytest_cache
rootdir: E:\Scrapy
plugins: anyio-4.4.0
collecting ... collected 1 item

car_scraper/tests/test_20_sites_detection.py::test_detection_on_samples PASSED [100%]

============================== 1 passed in 0.14s ==============================
